nohup: ignoring input
+ '
#SBATCH --account=co_gollner
#SBATCH --partition=savio4_htc
#SBATCH --qos=gollner_htc4_normal
#SBATCH --job-name=tubbs_54-test
#SBATCH --output=./logs/output_%A_%a.log         
#SBATCH --error=./logs/error_%A_%a.log           
#SBATCH --time=0-20:00:00
#SBATCH --ntasks=1
#SBATCH --cpus-per-task=56
'
./04-launch_savio.sh: line 12: 
#SBATCH --account=co_gollner
#SBATCH --partition=savio4_htc
#SBATCH --qos=gollner_htc4_normal
#SBATCH --job-name=tubbs_54-test
#SBATCH --output=./logs/output_%A_%a.log         
#SBATCH --error=./logs/error_%A_%a.log           
#SBATCH --time=0-20:00:00
#SBATCH --ntasks=1
#SBATCH --cpus-per-task=56
: No such file or directory
+ RUN_FILE=01-run.sh
+ INPUTS=inputs
+ DATA_FILES=elmfire-bfm7-FC.data
+ RUN_IDS=61-FC
+ ELMFIRE_VER=2025.0526
+ data_file=elmfire-bfm7-FC.data
+ run_id=61-FC
+ WORK_DIR=./run_61-FC
+ mkdir -p ./run_61-FC
+ cp 01-run.sh ./run_61-FC/
+ cp -r inputs ./run_61-FC/
+ cp elmfire-bfm7-FC.data ./run_61-FC/
+ cp -r misc ./run_61-FC/
+ cp raster_percentile_p.py ./run_61-FC/
+ cp 99-post_funcs.sh ./run_61-FC/
++ realpath ./04-launch_savio.sh
+ SCRIPT_PATH=/home/mariat/elmfire/runs/2017_tubbs-fire/04-launch_savio.sh
+ cp /home/mariat/elmfire/runs/2017_tubbs-fire/04-launch_savio.sh /
cp: cannot create regular file '/04-launch_savio.sh': Permission denied
+ echo 'Contents of ./run_61-FC:'
Contents of ./run_61-FC:
+ ls -l ./run_61-FC
total 36
-rwxr-xr-x 1 mariat mariat 2311 Jul  8 00:44 01-run.sh
-rwxr-xr-x 1 mariat mariat 2829 Jul  8 00:44 99-post_funcs.sh
-rwxr-xr-x 1 mariat mariat 8175 Jul  8 00:44 elmfire-bfm7-FC.data
drwxr-xr-x 2 mariat mariat 4096 Jul  8 00:44 inputs
drwxr-xr-x 2 mariat mariat 4096 Jul  8 00:41 misc
drwxrwxr-x 4 mariat mariat 4096 Jul  8 00:42 out_61-FC
-rwxr-xr-x 1 mariat mariat 8164 Jul  8 00:44 raster_percentile_p.py
+ echo 'Script: 01-run.sh, Data File: elmfire-bfm7-FC.data, Run ID: 61-FC'
Script: 01-run.sh, Data File: elmfire-bfm7-FC.data, Run ID: 61-FC
+ cd ./run_61-FC
+ chmod +x 01-run.sh
+ ./01-run.sh elmfire-bfm7-FC.data 61-FC 2025.0526
2025-07-08 00:44:40 - Start new episode
/home/mariat/elmfire/build/build_PATCH3_MASTER_DONT_MODIFY/linux/bin/elmfire_2025.0526
SLURM_NTASKS: 
2025-07-08 00:44:41 - Launching ELMFIRE
